Microchip MPLAB XC8 Compiler V2.32

Linker command line:

-W-3 --edf=C:\Program Files\Microchip\xc8\v2.32\pic\dat\en_msgs.txt -cn \
  -h+dist/default/production\trab_calc.X.production.sym \
  --cmf=dist/default/production\trab_calc.X.production.cmf -z -Q18F4520 \
  -oC:\Users\carlo\AppData\Local\Temp\xcAsic.5 --defsym=__MPLAB_BUILD=1 \
  -Mdist/default/production/trab_calc.X.production.map -E1 \
  -ver=XC8 Compiler --acfsm=1493 -ASTACK=0150h-05FFh -pstack=STACK \
  -ACODE=00h-07FFFh -ACONST=00h-07FFFh -ASMALLCONST=0600h-06FFhx122 \
  -AMEDIUMCONST=0600h-07FFFh -ACOMRAM=01h-07Fh -AABS1=00h-05FFh \
  -ABIGRAM=01h-05FFh -ARAM=080h-0FFh,0100h-01FFhx5 -ABANK0=080h-0FFh \
  -ABANK1=0100h-01FFh -ABANK2=0200h-02FFh -ABANK3=0300h-03FFh \
  -ABANK4=0400h-04FFh -ABANK5=0500h-05FFh -ASFR=0F80h-0FFFh \
  -ACONFIG=0300000h-030000Dh -AIDLOC=0200000h-0200007h \
  -AEEDATA=0F00000h-0F000FFh -peeprom_data=EEDATA \
  -preset_vec=00h,intcode,intcodelo,powerup,init -pramtop=0600h \
  -psmallconst=SMALLCONST -pmediumconst=MEDIUMCONST -pconst=CONST \
  -AFARRAM=00h-00h \
  -prdata=COMRAM,nvrram=COMRAM,nvbit=COMRAM,rbss=COMRAM,rbit=COMRAM \
  -pfarbss=FARRAM,fardata=FARRAM,nvFARRAM=FARRAM \
  -pintsave_regs=BIGRAM,bigbss=BIGRAM,bigdata=BIGRAM -pbss=RAM \
  -pidata=CODE,irdata=CODE,ibigdata=CODE,ifardata=CODE -prparam=COMRAM \
  C:\Users\carlo\AppData\Local\Temp\xcAsic.o \
  dist/default/production\trab_calc.X.production.o 

Object code version is 3.11

Machine type is 18F4520



                Name                               Link     Load   Length Selector   Space Scale
C:\Users\carlo\AppData\Local\Temp\xcAsic.o
                idloc                            200000   200000        8        0       5
                config                           300000   300000        E        0       4
                init                                  0        0        4        0       0
dist/default/production\trab_calc.X.production.o
                idloc                            200000   200000        8        0       5
                config                           300000   300000        E        0       4
                smallconst                          600      600       1E      300       0
                text44                             3748     3748      1B4      30F       0
                text43                             48F4     48F4       2A      30F       0
                text42                             40CC     40CC       B2      30F       0
                text41                             43DA     43DA       6C      30F       0
                text40                             44B0     44B0       68      30F       0
                text39                             3212     3212      324      30F       0
                text38                             496C     496C       24      30F       0
                text37                             4946     4946       26      30F       0
                text36                             4854     4854       38      30F       0
                text35                             4694     4694       52      30F       0
                text34                             38FC     38FC      190      30F       0
                text33                             436E     436E       6C      30F       0
                text32                             49B2     49B2        A      30F       0
                text31                             42D8     42D8       96      30F       0
                text30                             3D94     3D94       D8      30F       0
                text29                             4008     4008       C4      30F       0
                text28                             417E     417E       B0      30F       0
                text27                             2E78     2E78      39A      30F       0
                text26                             422E     422E       AA      30F       0
                text25                             3B92     3B92      104      30F       0
                text24                             2A4E     2A4E      42A      30F       0
                text23                             481C     481C       38      30F       0
                text22                             213E     213E      4C0      30F       0
                text21                             46E6     46E6       46      30F       0
                text20                             3A8C     3A8C      106      30F       0
                text19                             3C96     3C96       FE      30F       0
                text18                             3536     3536      212      30F       0
                text17                             472C     472C       44      30F       0
                text16                             488C     488C       36      30F       0
                text15                             3F42     3F42       C6      30F       0
                text14                             4638     4638       5C      30F       0
                text13                             47E4     47E4       38      30F       0
                text12                             457A     457A       60      30F       0
                text11                              61E      61E      C8A      30F       0
                text10                             3E6C     3E6C       D6      30F       0
                text9                              1C3A     1C3A      504      30F       0
                text8                              4518     4518       62      30F       0
                text7                              491E     491E       28      30F       0
                text6                              4446     4446       6A      30F       0
                text5                              4770     4770       3C      30F       0
                text4                              47AC     47AC       38      30F       0
                text3                              45DA     45DA       5E      30F       0
                text2                              25FE     25FE      450      30F       0
                text1                              48C2     48C2       32      30F       0
                text0                              12A8     12A8      992      30F       0
                cstackCOMRAM                          1        1       7F        1       1
                cstackBANK0                          80       80       60       80       1
                bssBANK1                            100      100       50      100       1
                bssBANK0                             E0       E0       12       80       1
                cinit                              4990     4990       22      30F       0
                nvBANK0                              F2       F2        2       80       1

TOTAL           Name                               Link     Load   Length     Space
        CLASS   STACK          

        CLASS   CODE           
                init                                  0        0        4         0
                text44                             3748     3748      1B4         0
                text43                             48F4     48F4       2A         0
                text42                             40CC     40CC       B2         0
                text41                             43DA     43DA       6C         0
                text40                             44B0     44B0       68         0
                text39                             3212     3212      324         0
                text38                             496C     496C       24         0
                text37                             4946     4946       26         0
                text36                             4854     4854       38         0
                text35                             4694     4694       52         0
                text34                             38FC     38FC      190         0
                text33                             436E     436E       6C         0
                text32                             49B2     49B2        A         0
                text31                             42D8     42D8       96         0
                text30                             3D94     3D94       D8         0
                text29                             4008     4008       C4         0
                text28                             417E     417E       B0         0
                text27                             2E78     2E78      39A         0
                text26                             422E     422E       AA         0
                text25                             3B92     3B92      104         0
                text24                             2A4E     2A4E      42A         0
                text23                             481C     481C       38         0
                text22                             213E     213E      4C0         0
                text21                             46E6     46E6       46         0
                text20                             3A8C     3A8C      106         0
                text19                             3C96     3C96       FE         0
                text18                             3536     3536      212         0
                text17                             472C     472C       44         0
                text16                             488C     488C       36         0
                text15                             3F42     3F42       C6         0
                text14                             4638     4638       5C         0
                text13                             47E4     47E4       38         0
                text12                             457A     457A       60         0
                text11                              61E      61E      C8A         0
                text10                             3E6C     3E6C       D6         0
                text9                              1C3A     1C3A      504         0
                text8                              4518     4518       62         0
                text7                              491E     491E       28         0
                text6                              4446     4446       6A         0
                text5                              4770     4770       3C         0
                text4                              47AC     47AC       38         0
                text3                              45DA     45DA       5E         0
                text2                              25FE     25FE      450         0
                text1                              48C2     48C2       32         0
                text0                              12A8     12A8      992         0
                cinit                              4990     4990       22         0

        CLASS   CONST          

        CLASS   SMALLCONST     
                smallconst                          600      600       1E         0

        CLASS   MEDIUMCONST    

        CLASS   COMRAM         
                cstackCOMRAM                          1        1       7F         1

        CLASS   ABS1           

        CLASS   BIGRAM         

        CLASS   RAM            

        CLASS   BANK0          
                cstackBANK0                          80       80       60         1
                bssBANK0                             E0       E0       12         1
                nvBANK0                              F2       F2        2         1

        CLASS   BANK1          
                bssBANK1                            100      100       50         1

        CLASS   BANK2          

        CLASS   BANK3          

        CLASS   BANK4          

        CLASS   BANK5          

        CLASS   SFR            

        CLASS   CONFIG         
                config                           300000   300000        E         4

        CLASS   IDLOC          
                idloc                            200000   200000        8         5

        CLASS   EEDATA         

        CLASS   FARRAM         



SEGMENTS        Name                           Load    Length   Top    Selector   Space  Class

                reset_vec                      000000  000004  000004         0       0  CODE    
                cstackCOMRAM                   000001  00007F  000080         1       1  COMRAM  
                cstackBANK0                    000080  000074  0000F4        80       1  BANK0   
                bssBANK1                       000100  000050  000150       100       1  BANK1   
                smallconst                     000600  00001E  00061E       300       0  SMALLCON
                text11                         00061E  00439E  0049BC       30F       0  CODE    


UNUSED ADDRESS RANGES

        Name                Unused          Largest block    Delta
        BANK0            0000F4-0000FF                C
        BANK1            000150-0001FF               B0
        BANK2            000200-0002FF              100
        BANK3            000300-0003FF              100
        BANK4            000400-0004FF              100
        BANK5            000500-0005FF              100
        BIGRAM           0000F4-0000FF                C
                         000150-0005FF              4B0
        CODE             000004-0005FF              5FC
                         0049BC-007FFF             3644
        CONST            000004-0005FF              5FC
                         0049BC-007FFF             3644
        EEDATA           F00000-F000FF              100
        MEDIUMCONST      0049BC-007FFF             3644
        RAM              0000F4-0000FF                C
                         000150-0005FF              100
        SFR              000F80-000FFF               80
        SMALLCONST       0049BC-007FFF              100
        STACK            000150-0005FF              4B0

                                  Symbol Table

?___awdiv                    cstackCOMRAM 000001
?___awmod                    cstackCOMRAM 000001
?___fladd                    cstackCOMRAM 000001
?___fldiv                    cstackCOMRAM 000001
?___flmul                    cstackCOMRAM 000001
?___flneg                    cstackCOMRAM 000001
?___flsub                    cstackCOMRAM 00001A
?___fltol                    cstackCOMRAM 000001
?___fpclassifyf              cstackCOMRAM 000001
?___lmul                     cstackCOMRAM 000001
?___strtoxl                  cstackCOMRAM 00000F
?___wmul                     cstackCOMRAM 000001
?___xxtofl                   cstackCOMRAM 000039
?_atoi                       cstackCOMRAM 000008
?_ctoa                       cstackCOMRAM 00000F
?_efgtoa                     cstackCOMRAM 00002E
?_floorf                     cstackCOMRAM 00001A
?_isalpha                    cstackCOMRAM 000001
?_isdigit                    cstackCOMRAM 000001
?_islower                    cstackCOMRAM 000001
?_isspace                    cstackCOMRAM 000001
?_isupper                    cstackCOMRAM 000001
?_pad                        cstackCOMRAM 000016
?_printf                     cstackBANK0  000092
?_strlen                     cstackCOMRAM 000001
?_strncmp                    cstackCOMRAM 000001
?_strtol                     cstackCOMRAM 000033
?_tolower                    cstackCOMRAM 000007
?_toupper                    cstackCOMRAM 000007
?_vfpfcnvrt                  cstackCOMRAM 000072
?_vfprintf                   cstackBANK0  00008C
_ADCON1                      (abs)        000FC1
_INTCON2bits                 (abs)        000FF1
_PORTBbits                   (abs)        000F81
_PORTD                       (abs)        000F83
_TRISBbits                   (abs)        000F93
_TRISD                       (abs)        000F95
__HRAM                       (abs)        000000
__Habs1                      abs1         000000
__Hbank0                     bank0        000000
__Hbank1                     bank1        000000
__Hbank2                     bank2        000000
__Hbank3                     bank3        000000
__Hbank4                     bank4        000000
__Hbank5                     bank5        000000
__Hbigbss                    bigbss       000000
__Hbigdata                   bigdata      000000
__Hbigram                    bigram       000000
__Hbss                       bss          000000
__HbssBANK0                  bssBANK0     000000
__HbssBANK1                  bssBANK1     000000
__Hcinit                     cinit        000000
__Hclrtext                   clrtext      000000
__Hcomram                    comram       000000
__Hconfig                    config       30000E
__Hconst                     const        000000
__HcstackBANK0               cstackBANK0  000000
__HcstackCOMRAM              cstackCOMRAM 000000
__Hdata                      data         000000
__Heeprom_data               eeprom_data  000000
__Hfarbss                    farbss       000000
__Hfardata                   fardata      000000
__Hibigdata                  ibigdata     000000
__Hidata                     idata        000000
__Hidloc                     idloc        200008
__Hifardata                  ifardata     000000
__Hinit                      init         000004
__Hintcode                   intcode      000000
__Hintcode_body              intcode_body 000000
__Hintcodelo                 intcodelo    000000
__Hintentry                  intentry     000000
__Hintret                    intret       000000
__Hintsave_regs              intsave_regs 000000
__Hirdata                    irdata       000000
__Hmediumconst               mediumconst  000000
__HnvBANK0                   nvBANK0      000000
__HnvFARRAM                  nvFARRAM     000000
__Hnvbit                     nvbit        000000
__Hnvrram                    nvrram       000000
__Hparam                     rparam       000000
__Hpowerup                   powerup      000000
__Hram                       ram          000000
__Hramtop                    ramtop       000600
__Hrbit                      rbit         000000
__Hrbss                      rbss         000000
__Hrdata                     rdata        000000
__Hreset_vec                 reset_vec    000000
__Hrparam                    rparam       000000
__Hsfr                       sfr          000000
__Hsmallconst                smallconst   00061E
__Hspace_0                   (abs)        0049BC
__Hspace_1                   (abs)        000150
__Hspace_2                   (abs)        000000
__Hspace_4                   (abs)        60000E
__Hstack                     stack        000000
__Hstruct                    struct       000000
__Htemp                      temp         000000
__Htext                      text         000000
__Htext0                     text0        000000
__Htext1                     text1        000000
__Htext10                    text10       000000
__Htext11                    text11       000000
__Htext12                    text12       000000
__Htext13                    text13       000000
__Htext14                    text14       000000
__Htext15                    text15       000000
__Htext16                    text16       000000
__Htext17                    text17       000000
__Htext18                    text18       000000
__Htext19                    text19       000000
__Htext2                     text2        000000
__Htext20                    text20       000000
__Htext21                    text21       000000
__Htext22                    text22       000000
__Htext23                    text23       000000
__Htext24                    text24       000000
__Htext25                    text25       000000
__Htext26                    text26       000000
__Htext27                    text27       000000
__Htext28                    text28       000000
__Htext29                    text29       000000
__Htext3                     text3        000000
__Htext30                    text30       000000
__Htext31                    text31       000000
__Htext32                    text32       000000
__Htext33                    text33       000000
__Htext34                    text34       000000
__Htext35                    text35       000000
__Htext36                    text36       000000
__Htext37                    text37       000000
__Htext38                    text38       000000
__Htext39                    text39       000000
__Htext4                     text4        000000
__Htext40                    text40       000000
__Htext41                    text41       000000
__Htext42                    text42       000000
__Htext43                    text43       000000
__Htext44                    text44       000000
__Htext5                     text5        000000
__Htext6                     text6        000000
__Htext7                     text7        000000
__Htext8                     text8        000000
__Htext9                     text9        000000
__LRAM                       (abs)        000001
__Labs1                      abs1         000000
__Lbank0                     bank0        000000
__Lbank1                     bank1        000000
__Lbank2                     bank2        000000
__Lbank3                     bank3        000000
__Lbank4                     bank4        000000
__Lbank5                     bank5        000000
__Lbigbss                    bigbss       000000
__Lbigdata                   bigdata      000000
__Lbigram                    bigram       000000
__Lbss                       bss          000000
__LbssBANK0                  bssBANK0     000000
__LbssBANK1                  bssBANK1     000000
__Lcinit                     cinit        000000
__Lclrtext                   clrtext      000000
__Lcomram                    comram       000000
__Lconfig                    config       000000
__Lconst                     const        000000
__LcstackBANK0               cstackBANK0  000000
__LcstackCOMRAM              cstackCOMRAM 000000
__Ldata                      data         000000
__Leeprom_data               eeprom_data  000000
__Lfarbss                    farbss       000000
__Lfardata                   fardata      000000
__Libigdata                  ibigdata     000000
__Lidata                     idata        000000
__Lidloc                     idloc        000000
__Lifardata                  ifardata     000000
__Linit                      init         000000
__Lintcode                   intcode      000000
__Lintcode_body              intcode_body 000000
__Lintcodelo                 intcodelo    000000
__Lintentry                  intentry     000000
__Lintret                    intret       000000
__Lintsave_regs              intsave_regs 000000
__Lirdata                    irdata       000000
__Lmediumconst               mediumconst  000000
__LnvBANK0                   nvBANK0      000000
__LnvFARRAM                  nvFARRAM     000000
__Lnvbit                     nvbit        000000
__Lnvrram                    nvrram       000000
__Lparam                     rparam       000000
__Lpowerup                   powerup      000000
__Lram                       ram          000000
__Lramtop                    ramtop       000600
__Lrbit                      rbit         000000
__Lrbss                      rbss         000000
__Lrdata                     rdata        000000
__Lreset_vec                 reset_vec    000000
__Lrparam                    rparam       000000
__Lsfr                       sfr          000000
__Lsmallconst                smallconst   000600
__Lspace_0                   (abs)        000000
__Lspace_1                   (abs)        000000
__Lspace_2                   (abs)        000000
__Lspace_4                   (abs)        000000
__Lstack                     stack        000000
__Lstruct                    struct       000000
__Ltemp                      temp         000000
__Ltext                      text         000000
__Ltext0                     text0        000000
__Ltext1                     text1        000000
__Ltext10                    text10       000000
__Ltext11                    text11       000000
__Ltext12                    text12       000000
__Ltext13                    text13       000000
__Ltext14                    text14       000000
__Ltext15                    text15       000000
__Ltext16                    text16       000000
__Ltext17                    text17       000000
__Ltext18                    text18       000000
__Ltext19                    text19       000000
__Ltext2                     text2        000000
__Ltext20                    text20       000000
__Ltext21                    text21       000000
__Ltext22                    text22       000000
__Ltext23                    text23       000000
__Ltext24                    text24       000000
__Ltext25                    text25       000000
__Ltext26                    text26       000000
__Ltext27                    text27       000000
__Ltext28                    text28       000000
__Ltext29                    text29       000000
__Ltext3                     text3        000000
__Ltext30                    text30       000000
__Ltext31                    text31       000000
__Ltext32                    text32       000000
__Ltext33                    text33       000000
__Ltext34                    text34       000000
__Ltext35                    text35       000000
__Ltext36                    text36       000000
__Ltext37                    text37       000000
__Ltext38                    text38       000000
__Ltext39                    text39       000000
__Ltext4                     text4        000000
__Ltext40                    text40       000000
__Ltext41                    text41       000000
__Ltext42                    text42       000000
__Ltext43                    text43       000000
__Ltext44                    text44       000000
__Ltext5                     text5        000000
__Ltext6                     text6        000000
__Ltext7                     text7        000000
__Ltext8                     text8        000000
__Ltext9                     text9        000000
__S0                         (abs)        0049BC
__S1                         (abs)        000150
__S2                         (abs)        000000
__S4                         (abs)        000000
__S5                         (abs)        000000
___awdiv                     text29       004008
___awdiv@counter             cstackCOMRAM 000005
___awdiv@dividend            cstackCOMRAM 000001
___awdiv@divisor             cstackCOMRAM 000003
___awdiv@quotient            cstackCOMRAM 000007
___awdiv@sign                cstackCOMRAM 000006
___awmod                     text28       00417E
___awmod@counter             cstackCOMRAM 000005
___awmod@dividend            cstackCOMRAM 000001
___awmod@divisor             cstackCOMRAM 000003
___awmod@sign                cstackCOMRAM 000006
___fladd                     text22       00213E
___fladd@a                   cstackCOMRAM 000005
___fladd@aexp                cstackCOMRAM 00000E
___fladd@b                   cstackCOMRAM 000001
___fladd@bexp                cstackCOMRAM 00000F
___fladd@grs                 cstackCOMRAM 000010
___fladd@signs               cstackCOMRAM 00000D
___fldiv                     text27       002E78
___fldiv@a                   cstackCOMRAM 000005
___fldiv@aexp                cstackCOMRAM 000019
___fldiv@b                   cstackCOMRAM 000001
___fldiv@bexp                cstackCOMRAM 000018
___fldiv@grs                 cstackCOMRAM 000014
___fldiv@new_exp             cstackCOMRAM 000012
___fldiv@rem                 cstackCOMRAM 00000D
___fldiv@sign                cstackCOMRAM 000011
___fleq                      text26       00422E
___fleq@ff1                  cstackCOMRAM 000001
___fleq@ff2                  cstackCOMRAM 000005
___flge                      text25       003B92
___flge@ff1                  cstackCOMRAM 00001A
___flge@ff2                  cstackCOMRAM 00001E
___flmul                     text24       002A4E
___flmul@a                   cstackCOMRAM 000005
___flmul@aexp                cstackCOMRAM 000012
___flmul@b                   cstackCOMRAM 000001
___flmul@bexp                cstackCOMRAM 000013
___flmul@grs                 cstackCOMRAM 00000E
___flmul@prod                cstackCOMRAM 000014
___flmul@sign                cstackCOMRAM 00000D
___flmul@temp                cstackCOMRAM 000018
___flneg                     text23       00481C
___flneg@f1                  cstackCOMRAM 000001
___flsub                     text21       0046E6
___flsub@a                   cstackCOMRAM 00001E
___flsub@b                   cstackCOMRAM 00001A
___fltol                     text20       003A8C
___fltol@exp1                cstackCOMRAM 00000A
___fltol@f1                  cstackCOMRAM 000001
___fltol@sign1               cstackCOMRAM 000009
___fpclassifyf               text19       003C96
___fpclassifyf@F465          bssBANK0     0000E4
___fpclassifyf@e             cstackCOMRAM 000009
___fpclassifyf@u             cstackCOMRAM 00000B
___fpclassifyf@x             cstackCOMRAM 000001
___inthi_sp                  stack        000000
___intlo_sp                  stack        000000
___lmul                      text6        004446
___lmul@multiplicand         cstackCOMRAM 000005
___lmul@multiplier           cstackCOMRAM 000001
___lmul@product              cstackCOMRAM 000009
___param_bank                (abs)        000000
___rparam_used               (abs)        000001
___sp                        stack        000000
___strtoxl                   text2        0025FE
___strtoxl$1034              cstackCOMRAM 00001E
___strtoxl$1035              cstackCOMRAM 000024
___strtoxl$1036              cstackCOMRAM 000020
___strtoxl$1037              cstackCOMRAM 000022
___strtoxl@a                 cstackCOMRAM 00002C
___strtoxl@base              cstackCOMRAM 000013
___strtoxl@c                 cstackCOMRAM 000032
___strtoxl@conv_done         cstackCOMRAM 000025
___strtoxl@cp                cstackCOMRAM 000030
___strtoxl@endptr            cstackCOMRAM 000011
___strtoxl@is_signed         cstackCOMRAM 000015
___strtoxl@limit             cstackCOMRAM 000026
___strtoxl@prev_a            cstackCOMRAM 00001A
___strtoxl@s                 cstackCOMRAM 00000F
___strtoxl@sign              cstackCOMRAM 00002A
___strtoxl@skip              cstackCOMRAM 00002B
___wmul                      text37       004946
___wmul@multiplicand         cstackCOMRAM 000003
___wmul@multiplier           cstackCOMRAM 000001
___wmul@product              cstackCOMRAM 000005
___xxtofl                    text44       003748
___xxtofl@arg                cstackCOMRAM 000043
___xxtofl@exp                cstackCOMRAM 000042
___xxtofl@sign               cstackCOMRAM 000041
___xxtofl@val                cstackCOMRAM 000039
__accesstop                  (abs)        000080
__activetblptr               (abs)        000002
__end_of___awdiv             text29       0040CC
__end_of___awmod             text28       00422E
__end_of___fladd             text22       0025FE
__end_of___fldiv             text27       003212
__end_of___fleq              text26       0042D8
__end_of___flge              text25       003C96
__end_of___flmul             text24       002E78
__end_of___flneg             text23       004854
__end_of___flsub             text21       00472C
__end_of___fltol             text20       003B92
__end_of___fpclassifyf       text19       003D94
__end_of___lmul              text6        0044B0
__end_of___strtoxl           text2        002A4E
__end_of___wmul              text37       00496C
__end_of___xxtofl            text44       0038FC
__end_of__initialization     cinit        0049A8
__end_of_atoi                text34       003A8C
__end_of_ctoa                text30       003E6C
__end_of_efgtoa              text11       0012A8
__end_of_floorf              text18       003748
__end_of_fputc               text31       00436E
__end_of_fputs               text17       004770
__end_of_initLCD             text40       004518
__end_of_isalpha             text5        0047AC
__end_of_isdigit             text36       00488C
__end_of_islower             text4        0047E4
__end_of_isspace             text35       0046E6
__end_of_isupper             text13       00481C
__end_of_main                text0        001C3A
__end_of_pad                 text15       004008
__end_of_pega_tecla          text38       004990
__end_of_printf              text7        004946
__end_of_pulseE              text43       00491E
__end_of_putch               text32       0049BC
__end_of_sendCMD             text41       004446
__end_of_sendData            text33       0043DA
__end_of_strcpy              text14       004694
__end_of_strlen              text16       0048C2
__end_of_strncmp             text10       003F42
__end_of_strtol              text1        0048F4
__end_of_tolower             text12       0045DA
__end_of_toupper             text3        004638
__end_of_verifica_linha_col  text39       003536
__end_of_vfpfcnvrt           text9        00213E
__end_of_vfprintf            text8        00457A
__end_of_waitIdle            text42       00417E
__initialization             cinit        004990
__mediumconst                mediumconst  000000
__pbssBANK0                  bssBANK0     0000E0
__pbssBANK1                  bssBANK1     000100
__pcinit                     cinit        004990
__pcstackBANK0               cstackBANK0  000080
__pcstackCOMRAM              cstackCOMRAM 000001
__pnvBANK0                   nvBANK0      0000F2
__psmallconst                smallconst   000600
__ptext0                     text0        0012A8
__ptext1                     text1        0048C2
__ptext10                    text10       003E6C
__ptext11                    text11       00061E
__ptext12                    text12       00457A
__ptext13                    text13       0047E4
__ptext14                    text14       004638
__ptext15                    text15       003F42
__ptext16                    text16       00488C
__ptext17                    text17       00472C
__ptext18                    text18       003536
__ptext19                    text19       003C96
__ptext2                     text2        0025FE
__ptext20                    text20       003A8C
__ptext21                    text21       0046E6
__ptext22                    text22       00213E
__ptext23                    text23       00481C
__ptext24                    text24       002A4E
__ptext25                    text25       003B92
__ptext26                    text26       00422E
__ptext27                    text27       002E78
__ptext28                    text28       00417E
__ptext29                    text29       004008
__ptext3                     text3        0045DA
__ptext30                    text30       003D94
__ptext31                    text31       0042D8
__ptext32                    text32       0049B2
__ptext33                    text33       00436E
__ptext34                    text34       0038FC
__ptext35                    text35       004694
__ptext36                    text36       004854
__ptext37                    text37       004946
__ptext38                    text38       00496C
__ptext39                    text39       003212
__ptext4                     text4        0047AC
__ptext40                    text40       0044B0
__ptext41                    text41       0043DA
__ptext42                    text42       0040CC
__ptext43                    text43       0048F4
__ptext44                    text44       003748
__ptext5                     text5        004770
__ptext6                     text6        004446
__ptext7                     text7        00491E
__ptext8                     text8        004518
__ptext9                     text9        001C3A
__ramtop                     ramtop       000600
__size_of___awdiv            (abs)        000000
__size_of___awmod            (abs)        000000
__size_of___fladd            (abs)        000000
__size_of___fldiv            (abs)        000000
__size_of___fleq             (abs)        000000
__size_of___flge             (abs)        000000
__size_of___flmul            (abs)        000000
__size_of___flneg            (abs)        000000
__size_of___flsub            (abs)        000000
__size_of___fltol            (abs)        000000
__size_of___fpclassifyf      (abs)        000000
__size_of___lmul             (abs)        000000
__size_of___strtoxl          (abs)        000000
__size_of___wmul             (abs)        000000
__size_of___xxtofl           (abs)        000000
__size_of_atoi               (abs)        000000
__size_of_ctoa               (abs)        000000
__size_of_efgtoa             (abs)        000000
__size_of_floorf             (abs)        000000
__size_of_fputc              (abs)        000000
__size_of_fputs              (abs)        000000
__size_of_initLCD            (abs)        000000
__size_of_isalpha            (abs)        000000
__size_of_isdigit            (abs)        000000
__size_of_islower            (abs)        000000
__size_of_isspace            (abs)        000000
__size_of_isupper            (abs)        000000
__size_of_main               (abs)        000000
__size_of_pad                (abs)        000000
__size_of_pega_tecla         (abs)        000000
__size_of_printf             (abs)        000000
__size_of_pulseE             (abs)        000000
__size_of_putch              (abs)        000000
__size_of_sendCMD            (abs)        000000
__size_of_sendData           (abs)        000000
__size_of_strcpy             (abs)        000000
__size_of_strlen             (abs)        000000
__size_of_strncmp            (abs)        000000
__size_of_strtol             (abs)        000000
__size_of_tolower            (abs)        000000
__size_of_toupper            (abs)        000000
__size_of_verifica_linha_col (abs)        000000
__size_of_vfpfcnvrt          (abs)        000000
__size_of_vfprintf           (abs)        000000
__size_of_waitIdle           (abs)        000000
__smallconst                 smallconst   000600
_atoi                        text34       0038FC
_atoi$912                    cstackCOMRAM 000010
_atoi$913                    cstackCOMRAM 000014
_atoi$914                    cstackCOMRAM 000012
_ctoa                        text30       003D94
_dbuf                        bssBANK1     000100
_efgtoa                      text11       00061E
_efgtoa$847                  cstackCOMRAM 00003A
_efgtoa$848                  cstackCOMRAM 00003C
_efgtoa$853                  cstackCOMRAM 00003E
_efgtoa$857                  cstackCOMRAM 000040
_efgtoa$858                  cstackCOMRAM 000042
_efgtoa$859                  cstackCOMRAM 000044
_errno                       bssBANK0     0000E8
_flags                       bssBANK0     0000F0
_floorf                      text18       003536
_fputc                       text31       0042D8
_fputs                       text17       00472C
_initLCD                     text40       0044B0
_isalpha                     text5        004770
_isdigit                     text36       004854
_islower                     text4        0047AC
_isspace                     text35       004694
_isspace$943                 cstackCOMRAM 000007
_isupper                     text13       0047E4
_main                        text0        0012A8
_main$1300                   cstackBANK0  0000B1
_main$1301                   cstackBANK0  0000B5
_nout                        bssBANK0     0000EA
_pLCD                        nvBANK0      0000F2
_pad                         text15       003F42
_pega_tecla                  text38       00496C
_prec                        bssBANK0     0000EE
_printf                      text7        00491E
_pulseE                      text43       0048F4
_putch                       text32       0049B2
_sendCMD                     text41       0043DA
_sendData                    text33       00436E
_strcpy                      text14       004638
_strlen                      text16       00488C
_strncmp                     text10       003E6C
_strtol                      text1        0048C2
_tolower                     text12       00457A
_tolower$1055                cstackCOMRAM 00000D
_toupper                     text3        0045DA
_toupper$1070                cstackCOMRAM 00000D
_verifica_linha_col          text39       003212
_vfpfcnvrt                   text9        001C3A
_vfpfcnvrt$873               cstackBANK0  000080
_vfpfcnvrt$878               cstackBANK0  000082
_vfprintf                    text8        004518
_waitIdle                    text42       0040CC
_width                       bssBANK0     0000EC
atoi@n                       cstackCOMRAM 000015
atoi@neg                     cstackCOMRAM 00000E
atoi@s                       cstackCOMRAM 000008
ctoa@c                       cstackCOMRAM 000011
ctoa@fp                      cstackCOMRAM 00000F
ctoa@l                       cstackCOMRAM 000013
ctoa@w                       cstackCOMRAM 000015
efgtoa@c                     cstackCOMRAM 000034
efgtoa@d                     cstackCOMRAM 000052
efgtoa@e                     cstackCOMRAM 00006A
efgtoa@f                     cstackCOMRAM 000030
efgtoa@fp                    cstackCOMRAM 00002E
efgtoa@g                     cstackCOMRAM 000066
efgtoa@h                     cstackCOMRAM 00005C
efgtoa@i                     cstackCOMRAM 000064
efgtoa@l                     cstackCOMRAM 000060
efgtoa@m                     cstackCOMRAM 00004C
efgtoa@mode                  cstackCOMRAM 00005B
efgtoa@n                     cstackCOMRAM 00006C
efgtoa@ne                    cstackCOMRAM 00004A
efgtoa@nmode                 cstackCOMRAM 00005A
efgtoa@ou                    cstackCOMRAM 00004E
efgtoa@p                     cstackCOMRAM 000056
efgtoa@pp                    cstackCOMRAM 000048
efgtoa@sign                  cstackCOMRAM 000054
efgtoa@t                     cstackCOMRAM 000046
efgtoa@u                     cstackCOMRAM 00006E
efgtoa@w                     cstackCOMRAM 000058
end_of_initialization        cinit        0049A8
floorf@F527                  bssBANK0     0000E0
floorf@e                     cstackCOMRAM 000028
floorf@m                     cstackCOMRAM 000024
floorf@u                     cstackCOMRAM 00002A
floorf@x                     cstackCOMRAM 00001A
fputc@c                      cstackCOMRAM 000006
fputc@fp                     cstackCOMRAM 000008
fputs@c                      cstackCOMRAM 000013
fputs@fp                     cstackCOMRAM 000011
fputs@i                      cstackCOMRAM 000014
fputs@s                      cstackCOMRAM 00000F
intlevel0                    text         000000
intlevel1                    text         000000
intlevel2                    text         000000
intlevel3                    text         000000
isa$std                      (abs)        000001
isa$xinst                    (abs)        000000
isalpha@c                    cstackCOMRAM 000001
isdigit@c                    cstackCOMRAM 000001
islower@c                    cstackCOMRAM 000001
isspace@c                    cstackCOMRAM 000001
isupper@c                    cstackCOMRAM 000001
main@a                       cstackBANK0  0000C4
main@a_261                   cstackBANK0  0000C6
main@a_262                   cstackBANK0  0000C8
main@a_267                   cstackBANK0  0000CA
main@a_272                   cstackBANK0  0000CC
main@a_277                   cstackBANK0  0000CE
main@a_282                   cstackBANK0  0000D0
main@equacao                 cstackBANK0  0000BA
main@i                       cstackBANK0  0000DA
main@num1                    cstackBANK0  0000D2
main@num2                    cstackBANK0  0000D6
main@op                      cstackBANK0  0000B9
main@resp                    cstackBANK0  0000DC
main@vetaux1                 cstackBANK0  00009D
main@vetaux2                 cstackBANK0  0000A7
pad@buf                      cstackCOMRAM 000018
pad@fp                       cstackCOMRAM 000016
pad@i                        cstackCOMRAM 00001D
pad@p                        cstackCOMRAM 00001A
pad@w                        cstackCOMRAM 00001F
pega_tecla@tecla             cstackCOMRAM 000002
printf@ap                    cstackCOMRAM 00007E
printf@fmt                   cstackBANK0  000092
putch@c                      cstackCOMRAM 000005
sendCMD@dado                 cstackCOMRAM 000004
sendData@dado                cstackCOMRAM 000004
stackhi                      (abs)        0005FF
stacklo                      (abs)        000150
start                        init         000000
start_initialization         cinit        004990
strcpy@d                     cstackCOMRAM 000009
strcpy@dest                  cstackCOMRAM 000001
strcpy@s                     cstackCOMRAM 000007
strcpy@src                   cstackCOMRAM 000003
strlen@a                     cstackCOMRAM 000003
strlen@s                     cstackCOMRAM 000001
strncmp@_l                   cstackCOMRAM 000001
strncmp@_r                   cstackCOMRAM 000003
strncmp@l                    cstackCOMRAM 000008
strncmp@n                    cstackCOMRAM 000005
strncmp@r                    cstackCOMRAM 00000A
strtol@base                  cstackCOMRAM 000037
strtol@endptr                cstackCOMRAM 000035
strtol@s                     cstackCOMRAM 000033
tolower@c                    cstackCOMRAM 000007
toupper@c                    cstackCOMRAM 000007
vfpfcnvrt@ap                 cstackCOMRAM 000076
vfpfcnvrt@c                  cstackBANK0  00008B
vfpfcnvrt@ct                 cstackBANK0  000088
vfpfcnvrt@f                  cstackBANK0  000084
vfpfcnvrt@fmt                cstackCOMRAM 000074
vfpfcnvrt@fp                 cstackCOMRAM 000072
vfprintf@ap                  cstackBANK0  000090
vfprintf@cfmt                cstackCOMRAM 00007C
vfprintf@fmt                 cstackBANK0  00008E
vfprintf@fp                  cstackBANK0  00008C
waitIdle@aux                 cstackCOMRAM 000002


MODULE INFORMATION

Module		Function		Class		Link	Load	Size
C:\Program Files\Microchip\xc8\v2.32\pic\sources\c99\common\awdiv.c
		___awdiv       		CODE           	4008	0000	196

C:\Program Files\Microchip\xc8\v2.32\pic\sources\c99\common\awdiv.c estimated size: 196

C:\Program Files\Microchip\xc8\v2.32\pic\sources\c99\common\isdigit.c
		_isdigit       		CODE           	4854	0000	56

C:\Program Files\Microchip\xc8\v2.32\pic\sources\c99\common\isdigit.c estimated size: 56

C:\Program Files\Microchip\xc8\v2.32\pic\sources\c99\common\sprcadd.c
		___flsub       		CODE           	46E6	0000	70
		___fladd       		CODE           	213E	0000	1216

C:\Program Files\Microchip\xc8\v2.32\pic\sources\c99\common\sprcadd.c estimated size: 1286

C:\Program Files\Microchip\xc8\v2.32\pic\sources\c99\common\strtol.c
		_strtol        		CODE           	48C2	0000	50

C:\Program Files\Microchip\xc8\v2.32\pic\sources\c99\common\strtol.c estimated size: 50

C:\Program Files\Microchip\xc8\v2.32\pic\sources\c99\common\doprnt.c
		_vfpfcnvrt     		CODE           	1C3A	0000	1284
		_efgtoa        		CODE           	061E	0000	3210
		_pad           		CODE           	3F42	0000	198
		_ctoa          		CODE           	3D94	0000	216
		_vfprintf      		CODE           	4518	0000	98

C:\Program Files\Microchip\xc8\v2.32\pic\sources\c99\common\doprnt.c estimated size: 5006

C:\Program Files\Microchip\xc8\v2.32\pic\sources\c99\common\flneg.c
		___flneg       		CODE           	481C	0000	56

C:\Program Files\Microchip\xc8\v2.32\pic\sources\c99\common\flneg.c estimated size: 56

C:\Program Files\Microchip\xc8\v2.32\pic\sources\c99\common\atoi.c
		_atoi          		CODE           	38FC	0000	400

C:\Program Files\Microchip\xc8\v2.32\pic\sources\c99\common\atoi.c estimated size: 400

C:\Program Files\Microchip\xc8\v2.32\pic\sources\c99\common\nf_fputs.c
		_fputs         		CODE           	472C	0000	68

C:\Program Files\Microchip\xc8\v2.32\pic\sources\c99\common\nf_fputs.c estimated size: 68

C:\Program Files\Microchip\xc8\v2.32\pic\sources\c99\common\fleq.c
		___fleq        		CODE           	422E	0000	170

C:\Program Files\Microchip\xc8\v2.32\pic\sources\c99\common\fleq.c estimated size: 170

C:\Program Files\Microchip\xc8\v2.32\pic\sources\c99\common\__fpclassifyf.c
		___fpclassifyf 		CODE           	3C96	0000	254

C:\Program Files\Microchip\xc8\v2.32\pic\sources\c99\common\__fpclassifyf.c estimated size: 254

C:\Program Files\Microchip\xc8\v2.32\pic\sources\c99\common\isupper.c
		_isupper       		CODE           	47E4	0000	56

C:\Program Files\Microchip\xc8\v2.32\pic\sources\c99\common\isupper.c estimated size: 56

C:\Program Files\Microchip\xc8\v2.32\pic\sources\c99\common\Umul16.c
		___wmul        		CODE           	4946	0000	38

C:\Program Files\Microchip\xc8\v2.32\pic\sources\c99\common\Umul16.c estimated size: 38

C:\Program Files\Microchip\xc8\v2.32\pic\sources\c99\common\isspace.c
		_isspace       		CODE           	4694	0000	82

C:\Program Files\Microchip\xc8\v2.32\pic\sources\c99\common\isspace.c estimated size: 82

C:\Program Files\Microchip\xc8\v2.32\pic\sources\c99\common\__strtoxl.c
		___strtoxl     		CODE           	25FE	0000	1104

C:\Program Files\Microchip\xc8\v2.32\pic\sources\c99\common\__strtoxl.c estimated size: 1104

C:\Program Files\Microchip\xc8\v2.32\pic\sources\c99\common\islower.c
		_islower       		CODE           	47AC	0000	56

C:\Program Files\Microchip\xc8\v2.32\pic\sources\c99\common\islower.c estimated size: 56

C:\Program Files\Microchip\xc8\v2.32\pic\sources\c99\common\strncmp.c
		_strncmp       		CODE           	3E6C	0000	214

C:\Program Files\Microchip\xc8\v2.32\pic\sources\c99\common\strncmp.c estimated size: 214

C:\Program Files\Microchip\xc8\v2.32\pic\sources\c99\common\tolower.c
		_tolower       		CODE           	457A	0000	96

C:\Program Files\Microchip\xc8\v2.32\pic\sources\c99\common\tolower.c estimated size: 96

shared
		__initialization		CODE           	4990	0000	24

shared estimated size: 24

C:\Program Files\Microchip\xc8\v2.32\pic\sources\c99\common\sprcmul.c
		___flmul       		CODE           	2A4E	0000	1066

C:\Program Files\Microchip\xc8\v2.32\pic\sources\c99\common\sprcmul.c estimated size: 1066

C:\Program Files\Microchip\xc8\v2.32\pic\sources\c99\common\awmod.c
		___awmod       		CODE           	417E	0000	176

C:\Program Files\Microchip\xc8\v2.32\pic\sources\c99\common\awmod.c estimated size: 176

C:\Program Files\Microchip\xc8\v2.32\pic\sources\c99\common\sprcdiv.c
		___fldiv       		CODE           	2E78	0000	922

C:\Program Files\Microchip\xc8\v2.32\pic\sources\c99\common\sprcdiv.c estimated size: 922

C:\Program Files\Microchip\xc8\v2.32\pic\sources\c99\common\toupper.c
		_toupper       		CODE           	45DA	0000	94

C:\Program Files\Microchip\xc8\v2.32\pic\sources\c99\common\toupper.c estimated size: 94

C:\Program Files\Microchip\xc8\v2.32\pic\sources\c99\common\isalpha.c
		_isalpha       		CODE           	4770	0000	60

C:\Program Files\Microchip\xc8\v2.32\pic\sources\c99\common\isalpha.c estimated size: 60

C:\Program Files\Microchip\xc8\v2.32\pic\sources\c99\common\Umul32.c
		___lmul        		CODE           	4446	0000	106

C:\Program Files\Microchip\xc8\v2.32\pic\sources\c99\common\Umul32.c estimated size: 106

C:\Program Files\Microchip\xc8\v2.32\pic\sources\c99\common\fltol.c
		___fltol       		CODE           	3A8C	0000	262

C:\Program Files\Microchip\xc8\v2.32\pic\sources\c99\common\fltol.c estimated size: 262

C:\Program Files\Microchip\xc8\v2.32\pic\sources\c99\common\xxtofl.c
		___xxtofl      		CODE           	3748	0000	436

C:\Program Files\Microchip\xc8\v2.32\pic\sources\c99\common\xxtofl.c estimated size: 436

C:\Program Files\Microchip\xc8\v2.32\pic\sources\c99\common\printf.c
		_printf        		CODE           	491E	0000	40

C:\Program Files\Microchip\xc8\v2.32\pic\sources\c99\common\printf.c estimated size: 40

C:\Program Files\Microchip\xc8\v2.32\pic\sources\c99\common\nf_fputc.c
		_fputc         		CODE           	42D8	0000	150

C:\Program Files\Microchip\xc8\v2.32\pic\sources\c99\common\nf_fputc.c estimated size: 150

main.c
		_putch         		CODE           	49B2	0000	10
		_waitIdle      		CODE           	40CC	0000	178
		_main          		CODE           	12A8	0000	2450
		_pulseE        		CODE           	48F4	0000	42
		_sendCMD       		CODE           	43DA	0000	108
		_sendData      		CODE           	436E	0000	108
		_verifica_linha_col		CODE           	3212	0000	804
		_initLCD       		CODE           	44B0	0000	104
		_pega_tecla    		CODE           	496C	0000	36

main.c estimated size: 3840

C:\Program Files\Microchip\xc8\v2.32\pic\sources\c99\common\strlen.c
		_strlen        		CODE           	488C	0000	54

C:\Program Files\Microchip\xc8\v2.32\pic\sources\c99\common\strlen.c estimated size: 54

C:\Program Files\Microchip\xc8\v2.32\pic\sources\c99\common\flge.c
		___flge        		CODE           	3B92	0000	260

C:\Program Files\Microchip\xc8\v2.32\pic\sources\c99\common\flge.c estimated size: 260

C:\Program Files\Microchip\xc8\v2.32\pic\sources\c99\common\floorf.c
		_floorf        		CODE           	3536	0000	530

C:\Program Files\Microchip\xc8\v2.32\pic\sources\c99\common\floorf.c estimated size: 530

C:\Program Files\Microchip\xc8\v2.32\pic\sources\c99\common\strcpy.c
		_strcpy        		CODE           	4638	0000	92

C:\Program Files\Microchip\xc8\v2.32\pic\sources\c99\common\strcpy.c estimated size: 92

